// Jest Snapshot v1, https://goo.gl/fbAQLP

exports[`DisplayMessage should match snapshot 1`] = `
<article
  className="displayMessageContainer"
>
  <p
    className="emptyTypeText"
  />
</article>
`;
